[dotenv@17.2.3] injecting env (6) from .env -- tip: ΓÜÖ∩╕Å  enable debug logging with { debug: true }
Firebase Admin initialized with serviceAccountKey.json
[dotenv@17.2.3] injecting env (0) from .env -- tip: ≡ƒöÉ prevent building .env in docker: https://dotenvx.com/prebuild
Connected to MongoDB
Test user ready: 6996c3518e4d0afe36494e0d
Dummy Firestore token set for test_user_123
node : Error sending notification to user 6996c3518e4d0afe36494e0d: 
FirebaseMessagingError: The registration token is not a valid FCM registration 
token
At line:1 char:1
+ node test_notification.js > test_output.txt 2>&1
+ ~~~~~~~~~~~~~~~~~~~~~~~~~~~~~~~~~~~~~~~~~~~~~~~~
    + CategoryInfo          : NotSpecified: (Error sending n...istration 
token:String) [], RemoteException
    + FullyQualifiedErrorId : NativeCommandError
 
    at FirebaseMessagingError.fromServerError 
(D:\xopunmart\backend\node_modules\firebase-admin\lib\utils\error.js:269:16)
    at createFirebaseError (D:\xopunmart\backend\node_modules\firebase-admin\li
b\messaging\messaging-errors-internal.js:36:47)
    at D:\xopunmart\backend\node_modules\firebase-admin\lib\messaging\messaging
-api-request-internal.js:74:75
    at process.processTicksAndRejections 
(node:internal/process/task_queues:103:5)
    at async sendToUser (D:\xopunmart\backend\utils\notificationSender.js:63:9)
    at async testNotification (D:\xopunmart\backend\test_notification.js:47:9) 
{
  errorInfo: {
    code: 'messaging/invalid-argument',
    message: 'The registration token is not a valid FCM registration token'
  },
  codePrefix: 'messaging'
}
Test notification sent (check console for success/error from notificationSender)
